2026-09-22 23:30:13 | INFO | __main__ | Pipeline started
2026-09-22 23:30:13 | INFO | __main__ | Loaded raw data: 48204 rows, 9 columns
2026-09-22 23:30:13 | INFO | __main__ | Schema validation passed
2026-09-22 23:30:13 | INFO | __main__ | holiday column already consistent
2026-09-22 23:30:13 | INFO | __main__ | All date_time values parsed OK
2026-09-22 23:30:13 | WARNING | __main__ | Removed 17 duplicate rows
2026-09-22 23:30:13 | INFO | __main__ | Converted temp (Kelvin) to temp_c (Celsius) for 48187 rows
2026-09-22 23:30:13 | INFO | __main__ | No impossible temp_c values found
2026-09-22 23:30:13 | WARNING | __main__ | Imputed 1 extreme rain_1h values with monthly median
2026-09-22 23:30:13 | INFO | __main__ | No negative traffic_volume values found
2026-09-22 23:30:13 | INFO | __main__ | No out-of-range clouds_all values found
2026-09-22 23:30:13 | INFO | __main__ | No negative rain_1h values found
2026-09-22 23:30:13 | INFO | __main__ | No negative snow_1h values found
2026-09-22 23:30:13 | INFO | __main__ | No statistical outliers found in traffic_volume
2026-09-22 23:30:13 | INFO | __main__ | detect_and_handle_outliers finished: 48187 rows remain
2026-09-22 23:30:13 | INFO | __main__ | Found 10 rows with temp = 0 Kelvin (sensor error)
2026-09-22 23:30:13 | INFO | __main__ | Found 0 rows with rain_1h > 9,000 mm (physically impossible)
2026-09-22 23:30:13 | INFO | __main__ | Saved cleaned data to data\Clean_Metro_Interstate_Traffic_Volume.csv
2026-09-22 23:30:13 | INFO | __main__ | Pipeline completed successfully
2026-09-22 23:30:32 | INFO | __main__ | Loaded cleaned data from data\Clean_Metro_Interstate_Traffic_Volume.csv
2026-09-22 23:30:32 | INFO | __main__ | Feature engineering start: 48187 rows, 11 columns
2026-09-22 23:30:32 | DEBUG | __main__ | temp_c min=-273.1500 max=36.9200
2026-09-22 23:30:32 | INFO | __main__ | Feature engineering end: 48187 rows, 17 columns
2026-09-22 23:30:32 | INFO | __main__ | One-hot encoded weather_main into 11 columns: ['weather_Clear', 'weather_Clouds', 'weather_Drizzle', 'weather_Fog', 'weather_Haze', 'weather_Mist', 'weather_Rain', 'weather_Smoke', 'weather_Snow', 'weather_Squall', 'weather_Thunderstorm']
2026-09-22 23:30:32 | INFO | __main__ | Weather features engineered: is_precipitation, total_precipitation, is_overcast, is_clear, is_severe_weather
2026-09-22 23:30:32 | INFO | __main__ | temp_c standardised (z-score): mean=8.05, std=13.34
2026-09-22 23:30:32 | INFO | __main__ | traffic_volume standardised (z-score): mean=3259.62, std=1986.95
2026-09-22 23:30:32 | INFO | __main__ | temp_c min-max scaled: min=-273.15, max=36.92
2026-09-22 23:30:32 | INFO | __main__ | traffic_volume min-max scaled: min=0.00, max=7280.00
2026-09-22 23:30:32 | INFO | __main__ | Scaled features engineered: temp_c_zscore, traffic_volume_zscore, temp_c_minmax, traffic_volume_minmax
2026-09-22 23:30:32 | DEBUG | __main__ |              temp_c  temp_c_zscore  temp_c_minmax
count  48187.000000   4.818700e+04   48187.000000
mean       8.054998  -5.662283e-17       0.906908
std       13.338740   1.000000e+00       0.043018
min     -273.150000  -2.108183e+01       0.000000
25%       -0.990000  -6.780999e-01       0.877737
50%        9.300000   9.333727e-02       0.910923
75%       18.660000   7.950527e-01       0.941110
max       36.920000   2.163998e+00       1.000000
2026-09-22 23:30:32 | DEBUG | __main__ |        traffic_volume  traffic_volume_zscore  traffic_volume_minmax
count    48187.000000           48187.000000           48187.000000
mean      3259.618134               0.000000               0.447750
std       1986.954465               1.000000               0.272933
min          0.000000              -1.640510               0.000000
25%       1192.500000              -1.040345               0.163805
50%       3379.000000               0.060083               0.464148
75%       4933.000000               0.842184               0.677610
max       7280.000000               2.023389               1.000000
2026-09-22 23:30:32 | INFO | __main__ | Congestion category created (data-driven tertiles): Low < 2194 <= Medium < 4571 <= High
2026-09-22 23:30:32 | DEBUG | __main__ | Class distribution:congestion_category
Medium    16065
Low       16063
High      16059
Name: count, dtype: int64
2026-09-22 23:30:32 | INFO | __main__ | Saved features to data\Features_Metro_Interstate_Traffic_Volume.csv
